../Core/Src/main.c:100:5:main	1
../Core/Src/main.c:155:6:SystemClock_Config	3
../Core/Src/main.c:201:13:MX_CRC_Init	2
../Core/Src/main.c:227:13:MX_DMA2D_Init	3
../Core/Src/main.c:264:13:MX_I2C3_Init	4
../Core/Src/main.c:312:13:MX_LTDC_Init	3
../Core/Src/main.c:374:13:MX_SPI5_Init	2
../Core/Src/main.c:412:13:MX_TIM1_Init	4
../Core/Src/main.c:458:13:MX_USART1_UART_Init	2
../Core/Src/main.c:487:13:MX_FMC_Init	2
../Core/Src/main.c:538:13:MX_GPIO_Init	1
../Core/Src/main.c:644:1:__io_putchar	1
../Core/Src/main.c:674:6:Error_Handler	1
