../Core/Src/main.c:111:5:main	1
../Core/Src/main.c:171:6:SystemClock_Config	3
../Core/Src/main.c:214:13:MX_CRC_Init	2
../Core/Src/main.c:238:13:MX_DMA2D_Init	3
../Core/Src/main.c:272:13:MX_I2C3_Init	4
../Core/Src/main.c:317:13:MX_LTDC_Init	3
../Core/Src/main.c:376:13:MX_SPI5_Init	2
../Core/Src/main.c:412:13:MX_TIM1_Init	4
../Core/Src/main.c:455:13:MX_USART1_UART_Init	2
../Core/Src/main.c:482:13:MX_FMC_Init	2
../Core/Src/main.c:531:13:MX_GPIO_Init	1
../Core/Src/main.c:637:1:__io_putchar	1
../Core/Src/main.c:666:13:SDRAM_Initialization_Sequence	1
../Core/Src/main.c:732:6:Error_Handler	1
